// Jest Snapshot v1, https://goo.gl/fbAQLP

exports[`Input renders correctly 1`] = `
<View
  collapsable={true}
  pointerEvents="box-none"
  style={
    Object {
      "flex": 1,
    }
  }
>
  <View
    pointerEvents="auto"
  >
    <View
      style={
        Object {
          "alignItems": "flex-end",
          "flexDirection": "row",
          "height": 56,
          "paddingBottom": 16,
          "paddingLeft": 12,
          "paddingRight": 12,
          "paddingTop": 0,
        }
      }
    >
      <View
        pointerEvents="none"
        style={
          Array [
            Object {
              "height": 4,
              "overflow": "hidden",
              "position": "absolute",
              "top": 0,
            },
            Object {
              "left": 8,
              "right": 8,
            },
          ]
        }
      >
        <View
          style={
            Object {
              "bottom": 0,
              "left": 0,
              "overflow": "hidden",
              "position": "absolute",
              "right": 0,
              "top": 0,
              "transform": Array [
                Object {
                  "scaleX": 1,
                },
                Object {
                  "translateX": 8,
                },
              ],
            }
          }
        >
          <View
            style={
              Object {
                "borderColor": "rgba(0, 0, 0, 0.38)",
                "borderRadius": 4,
                "borderStyle": "solid",
                "borderWidth": 1,
                "bottom": -4,
                "left": -4,
                "position": "absolute",
                "right": -4,
                "top": 0,
              }
            }
          />
        </View>
      </View>
      <View
        pointerEvents="none"
        style={
          Array [
            Object {
              "height": 4,
              "overflow": "hidden",
              "position": "absolute",
              "right": 0,
              "top": 0,
            },
            Object {
              "width": 8,
            },
          ]
        }
      >
        <View
          style={
            Object {
              "borderColor": "rgba(0, 0, 0, 0.38)",
              "borderRadius": 4,
              "borderStyle": "solid",
              "borderWidth": 1,
              "bottom": -4,
              "left": -4,
              "position": "absolute",
              "right": 0,
              "top": 0,
            }
          }
        />
      </View>
      <View
        pointerEvents="none"
        style={
          Object {
            "bottom": 0,
            "left": 0,
            "overflow": "hidden",
            "position": "absolute",
            "right": 0,
            "top": 4,
          }
        }
      >
        <View
          style={
            Object {
              "borderColor": "rgba(0, 0, 0, 0.38)",
              "borderRadius": 4,
              "borderStyle": "solid",
              "borderWidth": 1,
              "bottom": 0.5,
              "left": 0,
              "position": "absolute",
              "right": 0,
              "top": -4,
            }
          }
        />
      </View>
      <View
        pointerEvents="none"
        style={
          Array [
            Object {
              "height": 4,
              "left": 0,
              "overflow": "hidden",
              "position": "absolute",
              "top": 0,
              "width": 4,
            },
            Object {
              "width": 8,
            },
          ]
        }
      >
        <View
          style={
            Object {
              "borderColor": "rgba(0, 0, 0, 0.38)",
              "borderRadius": 4,
              "borderStyle": "solid",
              "borderWidth": 1,
              "bottom": -4,
              "left": 0,
              "position": "absolute",
              "right": -4,
              "top": 0,
            }
          }
        />
      </View>
      <View
        style={
          Object {
            "alignSelf": "stretch",
            "flex": 1,
          }
        }
      >
        <View
          style={
            Object {
              "left": "-100%",
              "paddingLeft": "50%",
              "position": "absolute",
              "top": 0,
              "transform": Array [
                Object {
                  "scale": 0.75,
                },
                Object {
                  "translateY": -10,
                },
                Object {
                  "translateX": 0,
                },
              ],
              "width": "200%",
            }
          }
        >
          <Text
            numberOfLines={1}
            style={
              Object {
                "color": "rgba(0, 0, 0, 0.38)",
                "fontFamily": "GothamPro",
                "fontSize": 16,
                "includeFontPadding": false,
                "lineHeight": 16,
                "textAlign": "left",
                "textAlignVertical": "top",
              }
            }
          >
            label
          </Text>
        </View>
        <View
          style={
            Object {
              "alignItems": "flex-end",
              "flex": 1,
              "flexDirection": "row",
            }
          }
        >
          <TextInput
            allowFontScaling={true}
            autoCapitalize="sentences"
            disableFullscreenUI={true}
            editable={true}
            rejectResponderTermination={true}
            selectionColor="#313131"
            style={
              Array [
                Object {
                  "flex": 1,
                  "includeFontPadding": false,
                  "margin": 0,
                  "padding": 0,
                  "paddingTop": 0,
                  "textAlign": "left",
                  "textAlignVertical": "top",
                  "top": 2,
                },
                Object {
                  "color": "#313131",
                  "fontSize": 16,
                  "height": 24,
                },
                Array [
                  Object {
                    "color": "#313131",
                    "fontFamily": "GothamPro",
                    "fontSize": 12,
                  },
                ],
              ]
            }
            underlineColorAndroid="transparent"
            value="value"
          />
        </View>
      </View>
      <View />
    </View>
    <View
      style={
        Array [
          Object {
            "alignItems": "flex-start",
            "flexDirection": "row",
            "justifyContent": "flex-end",
            "minHeight": 8,
          },
          Object {
            "paddingLeft": 12,
            "paddingRight": 12,
          },
        ]
      }
    />
  </View>
</View>
`;
