// Jest Snapshot v1, https://goo.gl/fbAQLP

exports[`SafeView renders correctly 1`] = `
<SafeAreaView
  style={
    Array [
      Object {
        "flexBasis": 0,
        "flexGrow": 1,
        "flexShrink": 1,
      },
    ]
  }
/>
`;
