// Jest Snapshot v1, https://goo.gl/fbAQLP

exports[`renders correctly 1`] = `
<View
  accessible={true}
  clickable={true}
  isTVSelectable={true}
  onClick={[Function]}
  onResponderGrant={[Function]}
  onResponderMove={[Function]}
  onResponderRelease={[Function]}
  onResponderTerminate={[Function]}
  onResponderTerminationRequest={[Function]}
  onStartShouldSetResponder={[Function]}
  style={
    Object {
      "alignItems": "center",
      "borderRadius": 4,
      "height": 109,
      "justifyContent": "center",
      "opacity": 1,
      "overflow": "hidden",
      "width": 109,
    }
  }
>
  <View
    style={
      Array [
        Object {
          "overflow": "hidden",
        },
        Array [
          Object {
            "height": "100%",
            "width": "100%",
          },
        ],
      ]
    }
  >
    <FastImageView
      resizeMode="cover"
      source={
        Object {
          "uri": "url",
        }
      }
      style={
        Object {
          "bottom": 0,
          "left": 0,
          "position": "absolute",
          "right": 0,
          "top": 0,
        }
      }
    />
  </View>
  <Text
    style={
      Array [
        Object {
          "color": "#ffffff",
          "fontFamily": "GothamPro-Bold",
          "fontSize": 16,
          "lineHeight": 20,
          "position": "absolute",
          "textAlign": "center",
        },
      ]
    }
  >
    title
  </Text>
</View>
`;
