// Jest Snapshot v1, https://goo.gl/fbAQLP

exports[`renders correctly 1`] = `
<Text
  style={
    Array [
      Object {
        "color": "#313131",
        "fontFamily": "GothamPro",
        "fontSize": 16,
        "lineHeight": 20,
      },
    ]
  }
>
  test text
</Text>
`;
